ASSERTION	AAEDAAEFAAAAAAAAwFdAAwAAAAAAAECfQA==
ASSERTION	AAECAAIEAAAAAAAAwFhA
RUN	RegisterSimulation	registersimulation	1775320611617	 	3.10.5
USER	Register Scenario	START	1775320613076
REQUEST		POST register	1775320613056	1775320613349	OK	 
USER	Register Scenario	START	1775320613968
REQUEST		POST register	1775320613964	1775320614289	OK	 
REQUEST		POST register duplicate	1775320614394	1775320614413	OK	 
USER	Register Scenario	END	1775320614418
REQUEST		POST register duplicate	1775320615293	1775320615310	OK	 
USER	Register Scenario	END	1775320615312
USER	Register Scenario	START	1775320615949
REQUEST		POST register	1775320615947	1775320616195	OK	 
USER	Register Scenario	START	1775320616952
REQUEST		POST register duplicate	1775320617203	1775320617226	OK	 
REQUEST		POST register	1775320616947	1775320617227	OK	 
USER	Register Scenario	END	1775320617230
REQUEST		POST register duplicate	1775320618232	1775320618249	OK	 
USER	Register Scenario	END	1775320618253
USER	Register Scenario	START	1775320618948
REQUEST		POST register	1775320618946	1775320619214	OK	 
USER	Register Scenario	START	1775320619966
REQUEST		POST register	1775320619964	1775320620217	OK	 
REQUEST		POST register duplicate	1775320620217	1775320620230	OK	 
USER	Register Scenario	END	1775320620231
REQUEST		POST register duplicate	1775320621220	1775320621236	OK	 
USER	Register Scenario	END	1775320621238
USER	Register Scenario	START	1775320621948
REQUEST		POST register	1775320621947	1775320622230	OK	 
USER	Register Scenario	START	1775320622954
REQUEST		POST register	1775320622950	1775320623228	OK	 
REQUEST		POST register duplicate	1775320623232	1775320623244	OK	 
USER	Register Scenario	END	1775320623246
REQUEST		POST register duplicate	1775320624238	1775320624254	OK	 
USER	Register Scenario	END	1775320624256
USER	Register Scenario	START	1775320624959
REQUEST		POST register	1775320624958	1775320625206	OK	 
USER	Register Scenario	START	1775320625953
REQUEST		POST register	1775320625951	1775320626193	OK	 
REQUEST		POST register duplicate	1775320626219	1775320626236	OK	 
USER	Register Scenario	END	1775320626238
REQUEST		POST register duplicate	1775320627204	1775320627224	OK	 
USER	Register Scenario	END	1775320627226
USER	Register Scenario	START	1775320627961
REQUEST		POST register	1775320627960	1775320628213	OK	 
USER	Register Scenario	START	1775320628954
REQUEST		POST register	1775320628952	1775320629218	OK	 
REQUEST		POST register duplicate	1775320629231	1775320629247	OK	 
USER	Register Scenario	END	1775320629249
REQUEST		POST register duplicate	1775320630224	1775320630243	OK	 
USER	Register Scenario	END	1775320630245
USER	Register Scenario	START	1775320630972
REQUEST		POST register	1775320630970	1775320631251	OK	 
USER	Register Scenario	START	1775320631951
REQUEST		POST register	1775320631949	1775320632216	OK	 
REQUEST		POST register duplicate	1775320632302	1775320632378	OK	 
USER	Register Scenario	END	1775320632382
REQUEST		POST register duplicate	1775320633225	1775320633241	OK	 
USER	Register Scenario	END	1775320633243
USER	Register Scenario	START	1775320633949
REQUEST		POST register	1775320633947	1775320634230	OK	 
USER	Register Scenario	START	1775320634954
REQUEST		POST register	1775320634950	1775320635187	OK	 
REQUEST		POST register duplicate	1775320635242	1775320635260	OK	 
USER	Register Scenario	END	1775320635264
REQUEST		POST register duplicate	1775320636199	1775320636213	OK	 
USER	Register Scenario	END	1775320636216
USER	Register Scenario	START	1775320636960
REQUEST		POST register	1775320636956	1775320637256	OK	 
USER	Register Scenario	START	1775320637955
REQUEST		POST register	1775320637952	1775320638226	OK	 
REQUEST		POST register duplicate	1775320638266	1775320638281	OK	 
USER	Register Scenario	END	1775320638284
REQUEST		POST register duplicate	1775320639230	1775320639263	OK	 
USER	Register Scenario	END	1775320639273
USER	Register Scenario	START	1775320639961
REQUEST		POST register	1775320639959	1775320640224	OK	 
USER	Register Scenario	START	1775320640956
REQUEST		POST register	1775320640955	1775320641264	OK	 
REQUEST		POST register duplicate	1775320641231	1775320641274	OK	 
USER	Register Scenario	END	1775320641276
REQUEST		POST register duplicate	1775320642278	1775320642290	OK	 
USER	Register Scenario	END	1775320642296
